<!DOCTYPE html>
<html lang="en">
<head>
    <meta charset="UTF-8">
    <title>recurse import</title>
</head>
<body>

<p> A A A A </p>

<p>     B1 B1 B1 B1 </p>

<p>         C1 C1 C1 C1 </p>

<p>             D D D D D D D </p>

<p>         C2 C2 C2 C2 </p>

<p>     B2 B2 B2 B2 </p>

<p>         C3 C3 C3 C3 </p>

<p>     B3 B3 B3 B3 </p>

</body>
</html>