<!DOCTYPE html>
<html lang="en">
<head>
    <meta charset="UTF-8">
    <title>About</title>
</head>
<body>

<header>
    This is header.
</header>

<p>Menu</p>
<ul>
    <li>menu item 1</li>
    <li>menu item 2</li>
    <li>menu item 3</li>
</ul>

<p>About page.</p>

<footer>
    This is footer.
</footer>

</body>
</html>