<!DOCTYPE html>
<html lang="en">
<head>
    <meta charset="UTF-8">
    <title>Index</title>
</head>
<body>

<header>
    This is header.
</header>

<aside>
    this is sidebar.
</aside>

<p> Index page content </p>

<footer>
    This is footer.
</footer>

</body>
</html>